[    1588ms] [ERROR] Failed to load resource: the server responded with a status of 404 () @ https://agrovisao-mu.vercel.app/favicon.ico:0
[  720744ms] [VERBOSE] [DOM] Password field is not contained in a form: (More info: https://goo.gl/9p2vKq) %o @ https://accounts.google.com/v3/signin/identifier?opparams=%253F&dsh=S1245498230%3A1779548990085346&client_id=258013614557-nema0dumfbottebi6to7aqi85qot9pvs.apps.googleusercontent.com&o2v=2&redirect_uri=https%3A%2F%2Fvercel.com%2Fapi%2Fregistration%2Fgoogle%2Fcallback&response_type=code&scope=openid+profile+email&service=lso&state=096dfb0f0ba1a2c64022696b0377b4b57d97a3ba22d77a6dc9173ca754d2398ead8b7b1d318f1f23a201af0212b8a73871b8fd821020517977454a61cb8af82a0f514020947377d8cca7ba70740af09e25c72213a8642775acae7c41bb098acf701e86dd8c0366bf029f38ff00742e66fafd986d44b4ddc5229bab4622cad3278eedebf87c829255c93263e0c911a921e98738fe64ad3e31666d00086c1409b53414ac5e1cd7cdd0e7c31c17d5fa43f1cce034593267d722a4ad43e391aa0f49fe7f8a427216b55a78373ef31138b90687be2a4ceac77978774cd53e6c190fc96dd72504b93aff52f838c0059ab694b515339e62b95ad13293b12be1934763e47f207471d16d2c40451a0813431f9d&flowName=GeneralOAuthFlow&continue=https%3A%2F%2Faccounts.google.com%2Fsignin%2Foauth%2Fconsent%3Fauthuser%3Dunknown%26part%3DAJi8hAMHcHDugSEFod21Kj-4ZPMBzNXRPbCH1b7IyqRHRXcILqdiSBMhhvNRPcoeyoJ6rqZ8FZ_97qFCY_8c0HT2rOM9J0yynZTuEWy3omGlWn50ET3bFZrUGvq4fbE5c6gOomngVYNqll1AppSjsLKKxfT6QoN3vHlzwhdkzFIxhqW-22yuwIDVTz5dyqIXFjmcrUOGzph540J_Wy1WZWKyyMsQJf0FstAxqb6hYwB2jIihunwYyB62EwutgTqd0MKPA0eZVBiV98kofOGsbH83MSBtRM6rFjXjdHbAJDqPNrr2XNuNfUuog8ACWs5njtTsPfsbvqAWwz1vkadZUebX46xGryH5Xlu5HZMgCphdwPsfaTlDEG1yNYTVWJtjr0s5ppHav9IXhway4QV0aCxtvxGs7TJBl6aN4RXUhhyjk2WEv7azk2BcPbaATHxaPWoWSWCpC8Bce6EG1TqYWjXJGMrUija66g%26flowName%3DGeneralOAuthFlow%26as%3DS1245498230%253A1779548990085346%26client_id%3D258013614557-nema0dumfbottebi6to7aqi85qot9pvs.apps.googleusercontent.com%26requestPath%3D%252Fsignin%252Foauth%252Fconsent%23&app_domain=https%3A%2F%2Fvercel.com&rart=ANgoxce2hCnDC9lAiJl-v3PuErHSnadkWonKPfKlpWtbwBV81L5LeICrh9whkmqIYnoYyTlD9MXqpI8MSdcwtLuyIpA0htlsExycb-eM20oBZ1JuhkDL8nY:0
[  720754ms] [LOG] %c%s color: red; background: yellow; font-size: 24px; AVISO @ https://www.gstatic.com/_/mss/boq-identity/_/js/k=boq-identity.AccountsSignInUi.pt_BR.XO03rYNxHLM.es5.O/am=iW8AAACE4hchA4D__38DAAggiA74ngVoAoQMAAAAAAAAAABYAgAAjQ/d=1/excm=_b,_tp,identifierview/ed=1/dg=0/wt=2/ujg=1/rs=AOaEmlEyn_jpHu84WFaYbAv7wQ5iYInIxg/dti=1/m=_b,_tp:545
[  720754ms] [LOG] %c%s font-size: 18px; O uso deste console pode permitir que invasores falsifiquem sua identidade para roubar informações por meio de um ataque chamado Self-XSS.
Não insira nem cole códigos que você não conheça. @ https://www.gstatic.com/_/mss/boq-identity/_/js/k=boq-identity.AccountsSignInUi.pt_BR.XO03rYNxHLM.es5.O/am=iW8AAACE4hchA4D__38DAAggiA74ngVoAoQMAAAAAAAAAABYAgAAjQ/d=1/excm=_b,_tp,identifierview/ed=1/dg=0/wt=2/ujg=1/rs=AOaEmlEyn_jpHu84WFaYbAv7wQ5iYInIxg/dti=1/m=_b,_tp:545
[  721436ms] [ERROR] Loading the font 'https://k2mkucxia43oc7fa.public.blob.vercel-storage.com/front/fonts/space-mono/space-mono-v11-latin-regular.woff2' violates the following Content Security Policy directive: "font-src 'self' *.vercel.com *.gstatic.com vercel.live". The action has been blocked. @ https://vercel.com/login?next=%2Fdashboard:106
[  721627ms] [LOG] %c
▲

    ____                               _ __
   / __ \________  ____ _____ ___     (_) /_
  / / / / ___/ _ \/ __ `/ __ `__ \   / / __/
 / /_/ / /  /  __/ /_/ / / / / / /  / / /__
/_____/_/   \___/\__,_/_/ /_/ /_/  /_/\__( )
   _____ __    _          _ __           |/
  / ___// /_  (_)___     (_) /_
  \__ \/ __ \/ / __ \   / / __/
 ___/ / / / / / /_/ /  / / /_
/____/_/ /_/_/ .___/  /_/\__/
            /_/
  

Hello!

- Open Source https://vercel.com/oss
- Careers https://vercel.com/careers
- Status https://vercel-status.com

 font-family: "Geist Mono", monospace; white-space: pre; line-height: 1; @ https://vercel.com/_next/static/chunks/1lqhfr_v8dbhg.js?dpl=dpl_46KDL2g7jAkELWho8sqa6LbGy642:78
[  721938ms] [WARNING] [GSI_LOGGER]: Your client application uses one of the Google One Tap prompt UI status methods that may stop functioning when FedCM becomes mandatory. Refer to the migration guide to update your code accordingly and opt-in to FedCM to test your changes. Learn more: https://developers.google.com/identity/gsi/web/guides/fedcm-migration?s=dc#display_moment and https://developers.google.com/identity/gsi/web/guides/fedcm-migration?s=dc#skipped_moment @ https://accounts.google.com/gsi/client:84
[  721941ms] [ERROR] Not signed in with the identity provider. @ https://vercel.com/login?next=%2Fdashboard:0
[  722535ms] [INFO] %cDownload the React DevTools for a better development experience: https://reactjs.org/link/react-devtools font-weight:bold @ webpack-internal:///(app-pages-browser)/./node_modules/next/dist/compiled/react-dom/cjs/react-dom.development.js:38559
[  727346ms] [ERROR] Ignoring duplicate Content-Security-Policy directive 'report-uri'. @ https://developers.mercadolivre.com.br/devcenter:0
[  727347ms] [ERROR] Ignoring duplicate Content-Security-Policy directive 'report-to'. @ https://developers.mercadolivre.com.br/devcenter:0
